// Jest Snapshot v1, https://goo.gl/fbAQLP

exports[`view/<ProjectList /> should render the question header 1`] = `
<div
  className="container-fluid"
>
  <div
    className=""
    data-react-toolbox="card"
  >
    <div
      className="undefined"
    >
      <div>
        <h5
          className={undefined}
        >
          Project List
        </h5>
      </div>
    </div>
    <div
      className=""
    >
      <div
        aria-valuemax={100}
        aria-valuemin={0}
        aria-valuenow={0}
        className="undefined"
        data-react-toolbox="progress-bar"
        disabled={undefined}
      >
        <svg
          className={undefined}
          viewBox="0 0 60 60"
        >
          <circle
            className={undefined}
            cx="30"
            cy="30"
            r="25"
            style={undefined}
          />
        </svg>
      </div>
    </div>
  </div>
</div>
`;
