// Jest Snapshot v1, https://goo.gl/fbAQLP

exports[`components/<Navbar /> should render the app navbar 1`] = `
<header
  className=""
  data-react-toolbox="app-bar"
>
  <div
    className={undefined}
  >
    <h1>
      <a
        href="/"
        onClick={[Function]}
      />
    </h1>
    <nav
      className=""
      data-react-toolbox="navigation"
    >
      <a
        className={undefined}
        href="/logout"
        onClick={undefined}
      >
        <button
          className=""
          data-react-toolbox="button"
          disabled={false}
          href={undefined}
          onMouseDown={[Function]}
          onMouseLeave={[Function]}
          onMouseUp={[Function]}
          onTouchStart={[Function]}
          type="button"
        >
          <span
            aria-label=""
            className="material-icons"
            data-react-toolbox="font-icon"
          >
            exit_to_app
          </span>
        </button>
      </a>
    </nav>
  </div>
</header>
`;
